Analysis & Synthesis report for Labs
Mon Feb 13 13:54:45 2023
Quartus II 64-Bit Version 13.0.1 Build 232 06/12/2013 Service Pack 1 SJ Web Edition


---------------------
; Table of Contents ;
---------------------
  1. Legal Notice
  2. Analysis & Synthesis Summary
  3. Analysis & Synthesis Settings
  4. Parallel Compilation
  5. Analysis & Synthesis Source Files Read
  6. Analysis & Synthesis Resource Usage Summary
  7. Analysis & Synthesis Resource Utilization by Entity
  8. User-Specified and Inferred Latches
  9. General Register Statistics
 10. Multiplexer Restructuring Statistics (Restructuring Performed)
 11. Elapsed Time Per Partition
 12. Analysis & Synthesis Messages
 13. Analysis & Synthesis Suppressed Messages



----------------
; Legal Notice ;
----------------
Copyright (C) 1991-2013 Altera Corporation
Your use of Altera Corporation's design tools, logic functions 
and other software and tools, and its AMPP partner logic 
functions, and any output files from any of the foregoing 
(including device programming or simulation files), and any 
associated documentation or information are expressly subject 
to the terms and conditions of the Altera Program License 
Subscription Agreement, Altera MegaCore Function License 
Agreement, or other applicable license agreement, including, 
without limitation, that your use is for the sole purpose of 
programming logic devices manufactured by Altera and sold by 
Altera or its authorized distributors.  Please refer to the 
applicable agreement for further details.



+--------------------------------------------------------------------------------------+
; Analysis & Synthesis Summary                                                         ;
+------------------------------------+-------------------------------------------------+
; Analysis & Synthesis Status        ; Successful - Mon Feb 13 13:54:45 2023           ;
; Quartus II 64-Bit Version          ; 13.0.1 Build 232 06/12/2013 SP 1 SJ Web Edition ;
; Revision Name                      ; Labs                                            ;
; Top-level Entity Name              ; ALU                                             ;
; Family                             ; Cyclone III                                     ;
; Total logic elements               ; 7,730                                           ;
;     Total combinational functions  ; 7,730                                           ;
;     Dedicated logic registers      ; 0                                               ;
; Total registers                    ; 0                                               ;
; Total pins                         ; 132                                             ;
; Total virtual pins                 ; 0                                               ;
; Total memory bits                  ; 0                                               ;
; Embedded Multiplier 9-bit elements ; 0                                               ;
; Total PLLs                         ; 0                                               ;
+------------------------------------+-------------------------------------------------+


+----------------------------------------------------------------------------------------------------------------------+
; Analysis & Synthesis Settings                                                                                        ;
+----------------------------------------------------------------------------+--------------------+--------------------+
; Option                                                                     ; Setting            ; Default Value      ;
+----------------------------------------------------------------------------+--------------------+--------------------+
; Device                                                                     ; EP3C16F484C6       ;                    ;
; Top-level entity name                                                      ; ALU                ; Labs               ;
; Family name                                                                ; Cyclone III        ; Cyclone IV GX      ;
; Use smart compilation                                                      ; Off                ; Off                ;
; Enable parallel Assembler and TimeQuest Timing Analyzer during compilation ; On                 ; On                 ;
; Enable compact report table                                                ; Off                ; Off                ;
; Restructure Multiplexers                                                   ; Auto               ; Auto               ;
; Create Debugging Nodes for IP Cores                                        ; Off                ; Off                ;
; Preserve fewer node names                                                  ; On                 ; On                 ;
; Disable OpenCore Plus hardware evaluation                                  ; Off                ; Off                ;
; Verilog Version                                                            ; Verilog_2001       ; Verilog_2001       ;
; VHDL Version                                                               ; VHDL_1993          ; VHDL_1993          ;
; State Machine Processing                                                   ; Auto               ; Auto               ;
; Safe State Machine                                                         ; Off                ; Off                ;
; Extract Verilog State Machines                                             ; On                 ; On                 ;
; Extract VHDL State Machines                                                ; On                 ; On                 ;
; Ignore Verilog initial constructs                                          ; Off                ; Off                ;
; Iteration limit for constant Verilog loops                                 ; 5000               ; 5000               ;
; Iteration limit for non-constant Verilog loops                             ; 250                ; 250                ;
; Add Pass-Through Logic to Inferred RAMs                                    ; On                 ; On                 ;
; Infer RAMs from Raw Logic                                                  ; On                 ; On                 ;
; Parallel Synthesis                                                         ; On                 ; On                 ;
; DSP Block Balancing                                                        ; Auto               ; Auto               ;
; NOT Gate Push-Back                                                         ; On                 ; On                 ;
; Power-Up Don't Care                                                        ; On                 ; On                 ;
; Remove Redundant Logic Cells                                               ; Off                ; Off                ;
; Remove Duplicate Registers                                                 ; On                 ; On                 ;
; Ignore CARRY Buffers                                                       ; Off                ; Off                ;
; Ignore CASCADE Buffers                                                     ; Off                ; Off                ;
; Ignore GLOBAL Buffers                                                      ; Off                ; Off                ;
; Ignore ROW GLOBAL Buffers                                                  ; Off                ; Off                ;
; Ignore LCELL Buffers                                                       ; Off                ; Off                ;
; Ignore SOFT Buffers                                                        ; On                 ; On                 ;
; Limit AHDL Integers to 32 Bits                                             ; Off                ; Off                ;
; Optimization Technique                                                     ; Balanced           ; Balanced           ;
; Carry Chain Length                                                         ; 70                 ; 70                 ;
; Auto Carry Chains                                                          ; On                 ; On                 ;
; Auto Open-Drain Pins                                                       ; On                 ; On                 ;
; Perform WYSIWYG Primitive Resynthesis                                      ; Off                ; Off                ;
; Auto ROM Replacement                                                       ; On                 ; On                 ;
; Auto RAM Replacement                                                       ; On                 ; On                 ;
; Auto DSP Block Replacement                                                 ; On                 ; On                 ;
; Auto Shift Register Replacement                                            ; Auto               ; Auto               ;
; Allow Shift Register Merging across Hierarchies                            ; Auto               ; Auto               ;
; Auto Clock Enable Replacement                                              ; On                 ; On                 ;
; Strict RAM Replacement                                                     ; Off                ; Off                ;
; Allow Synchronous Control Signals                                          ; On                 ; On                 ;
; Force Use of Synchronous Clear Signals                                     ; Off                ; Off                ;
; Auto RAM Block Balancing                                                   ; On                 ; On                 ;
; Auto RAM to Logic Cell Conversion                                          ; Off                ; Off                ;
; Auto Resource Sharing                                                      ; Off                ; Off                ;
; Allow Any RAM Size For Recognition                                         ; Off                ; Off                ;
; Allow Any ROM Size For Recognition                                         ; Off                ; Off                ;
; Allow Any Shift Register Size For Recognition                              ; Off                ; Off                ;
; Use LogicLock Constraints during Resource Balancing                        ; On                 ; On                 ;
; Ignore translate_off and synthesis_off directives                          ; Off                ; Off                ;
; Timing-Driven Synthesis                                                    ; On                 ; On                 ;
; Report Parameter Settings                                                  ; On                 ; On                 ;
; Report Source Assignments                                                  ; On                 ; On                 ;
; Report Connectivity Checks                                                 ; On                 ; On                 ;
; Ignore Maximum Fan-Out Assignments                                         ; Off                ; Off                ;
; Synchronization Register Chain Length                                      ; 2                  ; 2                  ;
; PowerPlay Power Optimization                                               ; Normal compilation ; Normal compilation ;
; HDL message level                                                          ; Level2             ; Level2             ;
; Suppress Register Optimization Related Messages                            ; Off                ; Off                ;
; Number of Removed Registers Reported in Synthesis Report                   ; 5000               ; 5000               ;
; Number of Swept Nodes Reported in Synthesis Report                         ; 5000               ; 5000               ;
; Number of Inverted Registers Reported in Synthesis Report                  ; 100                ; 100                ;
; Clock MUX Protection                                                       ; On                 ; On                 ;
; Auto Gated Clock Conversion                                                ; Off                ; Off                ;
; Block Design Naming                                                        ; Auto               ; Auto               ;
; SDC constraint protection                                                  ; Off                ; Off                ;
; Synthesis Effort                                                           ; Auto               ; Auto               ;
; Shift Register Replacement - Allow Asynchronous Clear Signal               ; On                 ; On                 ;
; Pre-Mapping Resynthesis Optimization                                       ; Off                ; Off                ;
; Analysis & Synthesis Message Level                                         ; Medium             ; Medium             ;
; Disable Register Merging Across Hierarchies                                ; Auto               ; Auto               ;
; Resource Aware Inference For Block RAM                                     ; On                 ; On                 ;
; Synthesis Seed                                                             ; 1                  ; 1                  ;
+----------------------------------------------------------------------------+--------------------+--------------------+


Parallel compilation was disabled, but you have multiple processors available. Enable parallel compilation to reduce compilation time.
+-------------------------------------+
; Parallel Compilation                ;
+----------------------------+--------+
; Processors                 ; Number ;
+----------------------------+--------+
; Number detected on machine ; 8      ;
; Maximum allowed            ; 1      ;
+----------------------------+--------+


+---------------------------------------------------------------------------------------------------------------------------------------------+
; Analysis & Synthesis Source Files Read                                                                                                      ;
+----------------------------------+-----------------+------------------------+-----------------------------------------------------+---------+
; File Name with User-Entered Path ; Used in Netlist ; File Type              ; File Name with Absolute Path                        ; Library ;
+----------------------------------+-----------------+------------------------+-----------------------------------------------------+---------+
; ALU.v                            ; yes             ; User Verilog HDL File  ; C:/Users/simon/Documents/Github/ELEC_374_Labs/ALU.v ;         ;
+----------------------------------+-----------------+------------------------+-----------------------------------------------------+---------+


+----------------------------------------------------------+
; Analysis & Synthesis Resource Usage Summary              ;
+---------------------------------------------+------------+
; Resource                                    ; Usage      ;
+---------------------------------------------+------------+
; Estimated Total logic elements              ; 7,730      ;
;                                             ;            ;
; Total combinational functions               ; 7730       ;
; Logic element usage by number of LUT inputs ;            ;
;     -- 4 input functions                    ; 1682       ;
;     -- 3 input functions                    ; 5610       ;
;     -- <=2 input functions                  ; 438        ;
;                                             ;            ;
; Logic elements by mode                      ;            ;
;     -- normal mode                          ; 3640       ;
;     -- arithmetic mode                      ; 4090       ;
;                                             ;            ;
; Total registers                             ; 0          ;
;     -- Dedicated logic registers            ; 0          ;
;     -- I/O registers                        ; 0          ;
;                                             ;            ;
; I/O pins                                    ; 132        ;
; Embedded Multiplier 9-bit elements          ; 0          ;
; Maximum fan-out node                        ; b[0]~input ;
; Maximum fan-out                             ; 210        ;
; Total fan-out                               ; 24564      ;
; Average fan-out                             ; 3.07       ;
+---------------------------------------------+------------+


+-----------------------------------------------------------------------------------------------------------------------------------------------------------------------------+
; Analysis & Synthesis Resource Utilization by Entity                                                                                                                         ;
+----------------------------+-------------------+--------------+-------------+--------------+---------+-----------+------+--------------+---------------------+--------------+
; Compilation Hierarchy Node ; LC Combinationals ; LC Registers ; Memory Bits ; DSP Elements ; DSP 9x9 ; DSP 18x18 ; Pins ; Virtual Pins ; Full Hierarchy Name ; Library Name ;
+----------------------------+-------------------+--------------+-------------+--------------+---------+-----------+------+--------------+---------------------+--------------+
; |ALU                       ; 7730 (7730)       ; 0 (0)        ; 0           ; 0            ; 0       ; 0         ; 132  ; 0            ; |ALU                ; work         ;
+----------------------------+-------------------+--------------+-------------+--------------+---------+-----------+------+--------------+---------------------+--------------+
Note: For table entries with two numbers listed, the numbers in parentheses indicate the number of resources of the given type used by the specific entity alone. The numbers listed outside of parentheses indicate the total resources of the given type used by the specific entity and all of its sub-entities in the hierarchy.


+---------------------------------------------------------------------------------------------------+
; User-Specified and Inferred Latches                                                               ;
+----------------------------------------------------+---------------------+------------------------+
; Latch Name                                         ; Latch Enable Signal ; Free of Timing Hazards ;
+----------------------------------------------------+---------------------+------------------------+
; c[0]                                               ; Mux64               ; yes                    ;
; Number of user-specified and inferred latches = 1  ;                     ;                        ;
+----------------------------------------------------+---------------------+------------------------+
Note: All latches listed above may not be present at the end of synthesis due to various synthesis optimizations.


+------------------------------------------------------+
; General Register Statistics                          ;
+----------------------------------------------+-------+
; Statistic                                    ; Value ;
+----------------------------------------------+-------+
; Total registers                              ; 0     ;
; Number of registers using Synchronous Clear  ; 0     ;
; Number of registers using Synchronous Load   ; 0     ;
; Number of registers using Asynchronous Clear ; 0     ;
; Number of registers using Asynchronous Load  ; 0     ;
; Number of registers using Clock Enable       ; 0     ;
; Number of registers using Preset             ; 0     ;
+----------------------------------------------+-------+


+------------------------------------------------------------------------------------------------------------------------------------------+
; Multiplexer Restructuring Statistics (Restructuring Performed)                                                                           ;
+--------------------+-----------+---------------+----------------------+------------------------+------------+----------------------------+
; Multiplexer Inputs ; Bus Width ; Baseline Area ; Area if Restructured ; Saving if Restructured ; Registered ; Example Multiplexer Output ;
+--------------------+-----------+---------------+----------------------+------------------------+------------+----------------------------+
; 3:1                ; 31 bits   ; 62 LEs        ; 31 LEs               ; 31 LEs                 ; No         ; |ALU|a                     ;
; 4:1                ; 31 bits   ; 62 LEs        ; 62 LEs               ; 0 LEs                  ; No         ; |ALU|mul                   ;
; 4:1                ; 32 bits   ; 64 LEs        ; 32 LEs               ; 32 LEs                 ; No         ; |ALU|c                     ;
; 4:1                ; 31 bits   ; 62 LEs        ; 31 LEs               ; 31 LEs                 ; No         ; |ALU|b                     ;
; 8:1                ; 30 bits   ; 150 LEs       ; 90 LEs               ; 60 LEs                 ; No         ; |ALU|mul                   ;
; 8:1                ; 31 bits   ; 155 LEs       ; 93 LEs               ; 62 LEs                 ; No         ; |ALU|mul                   ;
; 8:1                ; 31 bits   ; 155 LEs       ; 93 LEs               ; 62 LEs                 ; No         ; |ALU|mul                   ;
; 8:1                ; 31 bits   ; 155 LEs       ; 93 LEs               ; 62 LEs                 ; No         ; |ALU|mul                   ;
; 8:1                ; 31 bits   ; 155 LEs       ; 93 LEs               ; 62 LEs                 ; No         ; |ALU|mul                   ;
; 8:1                ; 31 bits   ; 155 LEs       ; 93 LEs               ; 62 LEs                 ; No         ; |ALU|mul                   ;
; 8:1                ; 49 bits   ; 245 LEs       ; 147 LEs              ; 98 LEs                 ; No         ; |ALU|mul                   ;
; 8:1                ; 47 bits   ; 235 LEs       ; 141 LEs              ; 94 LEs                 ; No         ; |ALU|mul                   ;
; 8:1                ; 45 bits   ; 225 LEs       ; 135 LEs              ; 90 LEs                 ; No         ; |ALU|mul                   ;
; 8:1                ; 43 bits   ; 215 LEs       ; 129 LEs              ; 86 LEs                 ; No         ; |ALU|mul                   ;
; 8:1                ; 41 bits   ; 205 LEs       ; 123 LEs              ; 82 LEs                 ; No         ; |ALU|mul                   ;
; 8:1                ; 39 bits   ; 195 LEs       ; 117 LEs              ; 78 LEs                 ; No         ; |ALU|mul                   ;
; 8:1                ; 37 bits   ; 185 LEs       ; 111 LEs              ; 74 LEs                 ; No         ; |ALU|mul                   ;
; 8:1                ; 35 bits   ; 175 LEs       ; 105 LEs              ; 70 LEs                 ; No         ; |ALU|mul                   ;
; 6:1                ; 2 bits    ; 8 LEs         ; 4 LEs                ; 4 LEs                  ; No         ; |ALU|mul                   ;
; 6:1                ; 2 bits    ; 8 LEs         ; 4 LEs                ; 4 LEs                  ; No         ; |ALU|mul                   ;
; 6:1                ; 2 bits    ; 8 LEs         ; 4 LEs                ; 4 LEs                  ; No         ; |ALU|mul                   ;
; 6:1                ; 2 bits    ; 8 LEs         ; 4 LEs                ; 4 LEs                  ; No         ; |ALU|mul                   ;
; 6:1                ; 2 bits    ; 8 LEs         ; 6 LEs                ; 2 LEs                  ; No         ; |ALU|mul                   ;
; 6:1                ; 2 bits    ; 8 LEs         ; 4 LEs                ; 4 LEs                  ; No         ; |ALU|mul                   ;
; 6:1                ; 20 bits   ; 80 LEs        ; 60 LEs               ; 20 LEs                 ; No         ; |ALU|mul                   ;
; 15:1               ; 31 bits   ; 310 LEs       ; 186 LEs              ; 124 LEs                ; No         ; |ALU|Mux6                  ;
; 19:1               ; 8 bits    ; 96 LEs        ; 72 LEs               ; 24 LEs                 ; No         ; |ALU|Mux55                 ;
; 19:1               ; 8 bits    ; 96 LEs        ; 72 LEs               ; 24 LEs                 ; No         ; |ALU|Mux45                 ;
; 20:1               ; 4 bits    ; 52 LEs        ; 40 LEs               ; 12 LEs                 ; No         ; |ALU|Mux56                 ;
; 20:1               ; 4 bits    ; 52 LEs        ; 40 LEs               ; 12 LEs                 ; No         ; |ALU|Mux39                 ;
; 21:1               ; 2 bits    ; 28 LEs        ; 22 LEs               ; 6 LEs                  ; No         ; |ALU|Mux61                 ;
; 21:1               ; 2 bits    ; 28 LEs        ; 24 LEs               ; 4 LEs                  ; No         ; |ALU|Mux34                 ;
+--------------------+-----------+---------------+----------------------+------------------------+------------+----------------------------+


+-------------------------------+
; Elapsed Time Per Partition    ;
+----------------+--------------+
; Partition Name ; Elapsed Time ;
+----------------+--------------+
; Top            ; 00:00:10     ;
+----------------+--------------+


+-------------------------------+
; Analysis & Synthesis Messages ;
+-------------------------------+
Info: *******************************************************************
Info: Running Quartus II 64-Bit Analysis & Synthesis
    Info: Version 13.0.1 Build 232 06/12/2013 Service Pack 1 SJ Web Edition
    Info: Processing started: Mon Feb 13 13:54:33 2023
Info: Command: quartus_map --read_settings_files=on --write_settings_files=off Labs -c Labs
Warning (20028): Parallel compilation is not licensed and has been disabled
Info (12021): Found 1 design units, including 1 entities, in source file labs.bdf
    Info (12023): Found entity 1: Labs
Info (12021): Found 1 design units, including 1 entities, in source file pc.v
    Info (12023): Found entity 1: PC
Info (12021): Found 1 design units, including 1 entities, in source file rx.v
    Info (12023): Found entity 1: RX
Warning (12090): Entity "BusMux" obtained from "BusMux.v" instead of from Quartus II megafunction library
Info (12021): Found 1 design units, including 1 entities, in source file busmux.v
    Info (12023): Found entity 1: BusMux
Info (12021): Found 1 design units, including 1 entities, in source file mdr.v
    Info (12023): Found entity 1: MDR
Info (12021): Found 1 design units, including 1 entities, in source file alu.v
    Info (12023): Found entity 1: ALU
Info (12021): Found 1 design units, including 1 entities, in source file bus_tb.v
    Info (12023): Found entity 1: bus_tb
Info (12021): Found 1 design units, including 1 entities, in source file alu_tb.v
    Info (12023): Found entity 1: ALU_tb
Info (12127): Elaborating entity "ALU" for the top level hierarchy
Warning (10036): Verilog HDL or VHDL warning at ALU.v(2): object "i" assigned a value but never read
Warning (10036): Verilog HDL or VHDL warning at ALU.v(3): object "prev" assigned a value but never read
Warning (10036): Verilog HDL or VHDL warning at ALU.v(4): object "temp" assigned a value but never read
Warning (10036): Verilog HDL or VHDL warning at ALU.v(5): object "c" assigned a value but never read
Warning (10036): Verilog HDL or VHDL warning at ALU.v(6): object "r" assigned a value but never read
Warning (10230): Verilog HDL assignment warning at ALU.v(15): truncated value with size 32 to match size of target (1)
Warning (10230): Verilog HDL assignment warning at ALU.v(25): truncated value with size 64 to match size of target (32)
Warning (10230): Verilog HDL assignment warning at ALU.v(72): truncated value with size 64 to match size of target (32)
Warning (10230): Verilog HDL assignment warning at ALU.v(73): truncated value with size 64 to match size of target (32)
Warning (10230): Verilog HDL assignment warning at ALU.v(76): truncated value with size 64 to match size of target (32)
Warning (10230): Verilog HDL assignment warning at ALU.v(80): truncated value with size 64 to match size of target (32)
Warning (10230): Verilog HDL assignment warning at ALU.v(35): truncated value with size 64 to match size of target (32)
Warning (10230): Verilog HDL assignment warning at ALU.v(36): truncated value with size 64 to match size of target (32)
Warning (10230): Verilog HDL assignment warning at ALU.v(39): truncated value with size 64 to match size of target (32)
Warning (10230): Verilog HDL assignment warning at ALU.v(43): truncated value with size 64 to match size of target (32)
Warning (10230): Verilog HDL assignment warning at ALU.v(186): truncated value with size 32 to match size of target (1)
Warning (10230): Verilog HDL assignment warning at ALU.v(201): truncated value with size 32 to match size of target (1)
Warning (10240): Verilog HDL Always Construct warning at ALU.v(207): inferring latch(es) for variable "c", which holds its previous value in one or more paths through the always construct
Info (10041): Inferred latch for "i[0]" at ALU.v(207)
Info (10041): Inferred latch for "i[31]" at ALU.v(207)
Info (10041): Inferred latch for "c[0]" at ALU.v(207)
Info (10041): Inferred latch for "c[1]" at ALU.v(207)
Info (10041): Inferred latch for "c[2]" at ALU.v(207)
Info (10041): Inferred latch for "c[3]" at ALU.v(207)
Info (10041): Inferred latch for "c[4]" at ALU.v(207)
Info (10041): Inferred latch for "c[5]" at ALU.v(207)
Info (10041): Inferred latch for "c[6]" at ALU.v(207)
Info (10041): Inferred latch for "c[7]" at ALU.v(207)
Info (10041): Inferred latch for "c[8]" at ALU.v(207)
Info (10041): Inferred latch for "c[9]" at ALU.v(207)
Info (10041): Inferred latch for "c[10]" at ALU.v(207)
Info (10041): Inferred latch for "c[11]" at ALU.v(207)
Info (10041): Inferred latch for "c[12]" at ALU.v(207)
Info (10041): Inferred latch for "c[13]" at ALU.v(207)
Info (10041): Inferred latch for "c[14]" at ALU.v(207)
Info (10041): Inferred latch for "c[15]" at ALU.v(207)
Info (10041): Inferred latch for "c[16]" at ALU.v(207)
Info (10041): Inferred latch for "c[17]" at ALU.v(207)
Info (10041): Inferred latch for "c[18]" at ALU.v(207)
Info (10041): Inferred latch for "c[19]" at ALU.v(207)
Info (10041): Inferred latch for "c[20]" at ALU.v(207)
Info (10041): Inferred latch for "c[21]" at ALU.v(207)
Info (10041): Inferred latch for "c[22]" at ALU.v(207)
Info (10041): Inferred latch for "c[23]" at ALU.v(207)
Info (10041): Inferred latch for "c[24]" at ALU.v(207)
Info (10041): Inferred latch for "c[25]" at ALU.v(207)
Info (10041): Inferred latch for "c[26]" at ALU.v(207)
Info (10041): Inferred latch for "c[27]" at ALU.v(207)
Info (10041): Inferred latch for "c[28]" at ALU.v(207)
Info (10041): Inferred latch for "c[29]" at ALU.v(207)
Info (10041): Inferred latch for "c[30]" at ALU.v(207)
Info (10041): Inferred latch for "c[31]" at ALU.v(207)
Warning (13012): Latch c[0] has unsafe behavior
    Warning (13013): Ports D and ENA on the latch are fed by the same signal op[3]
Info (286030): Timing-Driven Synthesis is running
Info (144001): Generated suppressed messages file C:/Users/simon/Documents/Github/ELEC_374_Labs/output_files/Labs.map.smsg
Info (16010): Generating hard_block partition "hard_block:auto_generated_inst"
    Info (16011): Adding 0 node(s), including 0 DDIO, 0 PLL, 0 transceiver and 0 LCELL
Info (21057): Implemented 7862 device resources after synthesis - the final resource count might be different
    Info (21058): Implemented 68 input pins
    Info (21059): Implemented 64 output pins
    Info (21061): Implemented 7730 logic cells
Info: Quartus II 64-Bit Analysis & Synthesis was successful. 0 errors, 22 warnings
    Info: Peak virtual memory: 4623 megabytes
    Info: Processing ended: Mon Feb 13 13:54:45 2023
    Info: Elapsed time: 00:00:12
    Info: Total CPU time (on all processors): 00:00:12


+------------------------------------------+
; Analysis & Synthesis Suppressed Messages ;
+------------------------------------------+
The suppressed messages can be found in C:/Users/simon/Documents/Github/ELEC_374_Labs/output_files/Labs.map.smsg.


